23:58:19 **** Incremental Build of configuration Debug for project Practica_3.3 ****
make -j8 all 
arm-none-eabi-gcc "../Src/main.c" -mcpu=cortex-m4 -std=gnu11 -g3 -DDEBUG -DSTM32 -DSTM32F429ZITx -DSTM32F4 -DNUCLEO_F429ZI -DUSE_HAL_DRIVER -DSTM32F429xx -c -I../Inc -I"/home/franco/CESE/PDM/PdM_workspace/Practica_3.3/Drivers/STM32F4xx_HAL_Driver/Inc" -I"/home/franco/CESE/PDM/PdM_workspace/Practica_3.3/Drivers/CMSIS/Include" -I"/home/franco/CESE/PDM/PdM_workspace/Practica_3.3/Drivers/CMSIS/Device/ST/STM32F4xx/Include" -I"/home/franco/CESE/PDM/PdM_workspace/Practica_3.3/Drivers/BSP/STM32F4xx_Nucleo_144" -I"/home/franco/CESE/PDM/PdM_workspace/Practica_3.3/Drivers/Core/Inc" -I"/home/franco/CESE/PDM/PdM_workspace/Practica_3.3/Drivers/API" -I"/home/franco/CESE/PDM/PdM_workspace/Practica_3.3/Drivers/API/Inc" -I"/home/franco/CESE/PDM/PdM_workspace/Practica_3.3/Drivers/API/Src" -O0 -ffunction-sections -fdata-sections -Wall -fstack-usage -fcyclomatic-complexity -MMD -MP -MF"Src/main.d" -MT"Src/main.o" --specs=nano.specs -mfpu=fpv4-sp-d16 -mfloat-abi=hard -mthumb -o "Src/main.o"
arm-none-eabi-gcc -o "Practica_3.3.elf" @"objects.list"   -mcpu=cortex-m4 -T"/home/franco/CESE/PDM/PdM_workspace/Practica_3.3/STM32F429ZITX_FLASH.ld" --specs=nosys.specs -Wl,-Map="Practica_3.3.map" -Wl,--gc-sections -static --specs=nano.specs -mfpu=fpv4-sp-d16 -mfloat-abi=hard -mthumb -Wl,--start-group -lc -lm -Wl,--end-group
/opt/st/stm32cubeide_1.15.1/plugins/com.st.stm32cube.ide.mcu.externaltools.gnu-tools-for-stm32.12.3.rel1.linux64_1.0.100.202403111256/tools/bin/../lib/gcc/arm-none-eabi/12.3.1/../../../../arm-none-eabi/bin/ld: warning: Practica_3.3.elf has a LOAD segment with RWX permissions
Finished building target: Practica_3.3.elf
 
arm-none-eabi-size  Practica_3.3.elf 
arm-none-eabi-objdump -h -S Practica_3.3.elf  > "Practica_3.3.list"
   text	   data	    bss	    dec	    hex	filename
   6688	     32	   1584	   8304	   2070	Practica_3.3.elf
Finished building: default.size.stdout
 
Finished building: Practica_3.3.list
 
23:58:27 **** Incremental Build of configuration Debug for project Practica_3.3 ****
make -j8 all 
arm-none-eabi-size  Practica_3.3.elf 
   text	   data	    bss	    dec	    hex	filename
   6688	     32	   1584	   8304	   2070	Practica_3.3.elf
Finished building: default.size.stdout
 
23:58:39 **** Incremental Build of configuration Debug for project Practica_3.3 ****
make -j8 all 
arm-none-eabi-size  Practica_3.3.elf 
   text	   data	    bss	    dec	    hex	filename
   6688	     32	   1584	   8304	   2070	Practica_3.3.elf
Finished building: default.size.stdout
 
23:59:00 **** Incremental Build of configuration Debug for project Practica_3.3 ****
make -j8 all 
arm-none-eabi-gcc "../Src/main.c" -mcpu=cortex-m4 -std=gnu11 -g3 -DDEBUG -DSTM32 -DSTM32F429ZITx -DSTM32F4 -DNUCLEO_F429ZI -DUSE_HAL_DRIVER -DSTM32F429xx -c -I../Inc -I"/home/franco/CESE/PDM/PdM_workspace/Practica_3.3/Drivers/STM32F4xx_HAL_Driver/Inc" -I"/home/franco/CESE/PDM/PdM_workspace/Practica_3.3/Drivers/CMSIS/Include" -I"/home/franco/CESE/PDM/PdM_workspace/Practica_3.3/Drivers/CMSIS/Device/ST/STM32F4xx/Include" -I"/home/franco/CESE/PDM/PdM_workspace/Practica_3.3/Drivers/BSP/STM32F4xx_Nucleo_144" -I"/home/franco/CESE/PDM/PdM_workspace/Practica_3.3/Drivers/Core/Inc" -I"/home/franco/CESE/PDM/PdM_workspace/Practica_3.3/Drivers/API" -I"/home/franco/CESE/PDM/PdM_workspace/Practica_3.3/Drivers/API/Inc" -I"/home/franco/CESE/PDM/PdM_workspace/Practica_3.3/Drivers/API/Src" -O0 -ffunction-sections -fdata-sections -Wall -fstack-usage -fcyclomatic-complexity -MMD -MP -MF"Src/main.d" -MT"Src/main.o" --specs=nano.specs -mfpu=fpv4-sp-d16 -mfloat-abi=hard -mthumb -o "Src/main.o"
arm-none-eabi-gcc -o "Practica_3.3.elf" @"objects.list"   -mcpu=cortex-m4 -T"/home/franco/CESE/PDM/PdM_workspace/Practica_3.3/STM32F429ZITX_FLASH.ld" --specs=nosys.specs -Wl,-Map="Practica_3.3.map" -Wl,--gc-sections -static --specs=nano.specs -mfpu=fpv4-sp-d16 -mfloat-abi=hard -mthumb -Wl,--start-group -lc -lm -Wl,--end-group
/opt/st/stm32cubeide_1.15.1/plugins/com.st.stm32cube.ide.mcu.externaltools.gnu-tools-for-stm32.12.3.rel1.linux64_1.0.100.202403111256/tools/bin/../lib/gcc/arm-none-eabi/12.3.1/../../../../arm-none-eabi/bin/ld: warning: Practica_3.3.elf has a LOAD segment with RWX permissions
Finished building target: Practica_3.3.elf
 
arm-none-eabi-size  Practica_3.3.elf 
arm-none-eabi-objdump -h -S Practica_3.3.elf  > "Practica_3.3.list"
   text	   data	    bss	    dec	    hex	filename
   6688	     32	   1584	   8304	   2070	Practica_3.3.elf
Finished building: default.size.stdout
 
Finished building: Practica_3.3.list
 
23:59:08 **** Incremental Build of configuration Debug for project Practica_3.3 ****
make -j8 all 
arm-none-eabi-size  Practica_3.3.elf 
   text	   data	    bss	    dec	    hex	filename
   6688	     32	   1584	   8304	   2070	Practica_3.3.elf
Finished building: default.size.stdout
 
23:59:51 **** Incremental Build of configuration Debug for project Practica_3.3 ****
make -j8 all 
arm-none-eabi-gcc "../Src/main.c" -mcpu=cortex-m4 -std=gnu11 -g3 -DDEBUG -DSTM32 -DSTM32F429ZITx -DSTM32F4 -DNUCLEO_F429ZI -DUSE_HAL_DRIVER -DSTM32F429xx -c -I../Inc -I"/home/franco/CESE/PDM/PdM_workspace/Practica_3.3/Drivers/STM32F4xx_HAL_Driver/Inc" -I"/home/franco/CESE/PDM/PdM_workspace/Practica_3.3/Drivers/CMSIS/Include" -I"/home/franco/CESE/PDM/PdM_workspace/Practica_3.3/Drivers/CMSIS/Device/ST/STM32F4xx/Include" -I"/home/franco/CESE/PDM/PdM_workspace/Practica_3.3/Drivers/BSP/STM32F4xx_Nucleo_144" -I"/home/franco/CESE/PDM/PdM_workspace/Practica_3.3/Drivers/Core/Inc" -I"/home/franco/CESE/PDM/PdM_workspace/Practica_3.3/Drivers/API" -I"/home/franco/CESE/PDM/PdM_workspace/Practica_3.3/Drivers/API/Inc" -I"/home/franco/CESE/PDM/PdM_workspace/Practica_3.3/Drivers/API/Src" -O0 -ffunction-sections -fdata-sections -Wall -fstack-usage -fcyclomatic-complexity -MMD -MP -MF"Src/main.d" -MT"Src/main.o" --specs=nano.specs -mfpu=fpv4-sp-d16 -mfloat-abi=hard -mthumb -o "Src/main.o"
arm-none-eabi-gcc -o "Practica_3.3.elf" @"objects.list"   -mcpu=cortex-m4 -T"/home/franco/CESE/PDM/PdM_workspace/Practica_3.3/STM32F429ZITX_FLASH.ld" --specs=nosys.specs -Wl,-Map="Practica_3.3.map" -Wl,--gc-sections -static --specs=nano.specs -mfpu=fpv4-sp-d16 -mfloat-abi=hard -mthumb -Wl,--start-group -lc -lm -Wl,--end-group
/opt/st/stm32cubeide_1.15.1/plugins/com.st.stm32cube.ide.mcu.externaltools.gnu-tools-for-stm32.12.3.rel1.linux64_1.0.100.202403111256/tools/bin/../lib/gcc/arm-none-eabi/12.3.1/../../../../arm-none-eabi/bin/ld: warning: Practica_3.3.elf has a LOAD segment with RWX permissions
Finished building target: Practica_3.3.elf
 
arm-none-eabi-size  Practica_3.3.elf 
arm-none-eabi-objdump -h -S Practica_3.3.elf  > "Practica_3.3.list"
   text	   data	    bss	    dec	    hex	filename
   6724	     32	   1584	   8340	   2094	Practica_3.3.elf
Finished building: default.size.stdout
 
Finished building: Practica_3.3.list
 
23:59:59 **** Incremental Build of configuration Debug for project Practica_3.3 ****
make -j8 all 
arm-none-eabi-size  Practica_3.3.elf 
   text	   data	    bss	    dec	    hex	filename
   6724	     32	   1584	   8340	   2094	Practica_3.3.elf
Finished building: default.size.stdout
 
00:00:40 **** Incremental Build of configuration Debug for project Practica_3.3 ****
make -j8 all 
arm-none-eabi-gcc "../Src/main.c" -mcpu=cortex-m4 -std=gnu11 -g3 -DDEBUG -DSTM32 -DSTM32F429ZITx -DSTM32F4 -DNUCLEO_F429ZI -DUSE_HAL_DRIVER -DSTM32F429xx -c -I../Inc -I"/home/franco/CESE/PDM/PdM_workspace/Practica_3.3/Drivers/STM32F4xx_HAL_Driver/Inc" -I"/home/franco/CESE/PDM/PdM_workspace/Practica_3.3/Drivers/CMSIS/Include" -I"/home/franco/CESE/PDM/PdM_workspace/Practica_3.3/Drivers/CMSIS/Device/ST/STM32F4xx/Include" -I"/home/franco/CESE/PDM/PdM_workspace/Practica_3.3/Drivers/BSP/STM32F4xx_Nucleo_144" -I"/home/franco/CESE/PDM/PdM_workspace/Practica_3.3/Drivers/Core/Inc" -I"/home/franco/CESE/PDM/PdM_workspace/Practica_3.3/Drivers/API" -I"/home/franco/CESE/PDM/PdM_workspace/Practica_3.3/Drivers/API/Inc" -I"/home/franco/CESE/PDM/PdM_workspace/Practica_3.3/Drivers/API/Src" -O0 -ffunction-sections -fdata-sections -Wall -fstack-usage -fcyclomatic-complexity -MMD -MP -MF"Src/main.d" -MT"Src/main.o" --specs=nano.specs -mfpu=fpv4-sp-d16 -mfloat-abi=hard -mthumb -o "Src/main.o"
arm-none-eabi-gcc -o "Practica_3.3.elf" @"objects.list"   -mcpu=cortex-m4 -T"/home/franco/CESE/PDM/PdM_workspace/Practica_3.3/STM32F429ZITX_FLASH.ld" --specs=nosys.specs -Wl,-Map="Practica_3.3.map" -Wl,--gc-sections -static --specs=nano.specs -mfpu=fpv4-sp-d16 -mfloat-abi=hard -mthumb -Wl,--start-group -lc -lm -Wl,--end-group
/opt/st/stm32cubeide_1.15.1/plugins/com.st.stm32cube.ide.mcu.externaltools.gnu-tools-for-stm32.12.3.rel1.linux64_1.0.100.202403111256/tools/bin/../lib/gcc/arm-none-eabi/12.3.1/../../../../arm-none-eabi/bin/ld: warning: Practica_3.3.elf has a LOAD segment with RWX permissions
Finished building target: Practica_3.3.elf
 
arm-none-eabi-size  Practica_3.3.elf 
arm-none-eabi-objdump -h -S Practica_3.3.elf  > "Practica_3.3.list"
   text	   data	    bss	    dec	    hex	filename
   6688	     32	   1584	   8304	   2070	Practica_3.3.elf
Finished building: default.size.stdout
 
Finished building: Practica_3.3.list
 
00:00:47 **** Incremental Build of configuration Debug for project Practica_3.3 ****
make -j8 all 
arm-none-eabi-size  Practica_3.3.elf 
   text	   data	    bss	    dec	    hex	filename
   6688	     32	   1584	   8304	   2070	Practica_3.3.elf
Finished building: default.size.stdout
 
09:53:32 **** Incremental Build of configuration Debug for project Practica_3.1.2 ****
make -j8 all 
arm-none-eabi-gcc "../Src/main.c" -mcpu=cortex-m4 -std=gnu11 -g3 -DDEBUG -DSTM32 -DSTM32F429ZITx -DSTM32F4 -DNUCLEO_F429ZI -DUSE_HAL_DRIVER -DSTM32F429xx -c -I../Inc -I"/home/franco/CESE/PDM/PdM_workspace/Practica_3.1.2/Drivers/STM32F4xx_HAL_Driver/Inc" -I"/home/franco/CESE/PDM/PdM_workspace/Practica_3.1.2/Drivers/CMSIS/Include" -I"/home/franco/CESE/PDM/PdM_workspace/Practica_3.1.2/Drivers/CMSIS/Device/ST/STM32F4xx/Include" -I"/home/franco/CESE/PDM/PdM_workspace/Practica_3.1.2/Drivers/BSP/STM32F4xx_Nucleo_144" -I"/home/franco/CESE/PDM/PdM_workspace/Practica_3.1.2/Drivers/Core/Inc" -I"/home/franco/CESE/PDM/PdM_workspace/Practica_3.1.2/Drivers/API" -I"/home/franco/CESE/PDM/PdM_workspace/Practica_3.1.2/Drivers/API/Inc" -I"/home/franco/CESE/PDM/PdM_workspace/Practica_3.1.2/Drivers/API/Src" -O0 -ffunction-sections -fdata-sections -Wall -fstack-usage -fcyclomatic-complexity -MMD -MP -MF"Src/main.d" -MT"Src/main.o" --specs=nano.specs -mfpu=fpv4-sp-d16 -mfloat-abi=hard -mthumb -o "Src/main.o"
arm-none-eabi-gcc -o "Practica_3.1.2.elf" @"objects.list"   -mcpu=cortex-m4 -T"/home/franco/CESE/PDM/PdM_workspace/Practica_3.1.2/STM32F429ZITX_FLASH.ld" --specs=nosys.specs -Wl,-Map="Practica_3.1.2.map" -Wl,--gc-sections -static --specs=nano.specs -mfpu=fpv4-sp-d16 -mfloat-abi=hard -mthumb -Wl,--start-group -lc -lm -Wl,--end-group
/opt/st/stm32cubeide_1.15.1/plugins/com.st.stm32cube.ide.mcu.externaltools.gnu-tools-for-stm32.12.3.rel1.linux64_1.0.100.202403111256/tools/bin/../lib/gcc/arm-none-eabi/12.3.1/../../../../arm-none-eabi/bin/ld: warning: Practica_3.1.2.elf has a LOAD segment with RWX permissions
Finished building target: Practica_3.1.2.elf
 
arm-none-eabi-size  Practica_3.1.2.elf 
arm-none-eabi-objdump -h -S Practica_3.1.2.elf  > "Practica_3.1.2.list"
   text	   data	    bss	    dec	    hex	filename
   6640	     32	   1584	   8256	   2040	Practica_3.1.2.elf
Finished building: default.size.stdout
 
Finished building: Practica_3.1.2.list
 
09:53:39 **** Incremental Build of configuration Debug for project Practica_3.1.2 ****
make -j8 all 
arm-none-eabi-size  Practica_3.1.2.elf 
   text	   data	    bss	    dec	    hex	filename
   6640	     32	   1584	   8256	   2040	Practica_3.1.2.elf
Finished building: default.size.stdout
 
09:53:54 **** Incremental Build of configuration Debug for project Practica_3.3 ****
make -j8 all 
arm-none-eabi-gcc "../Src/main.c" -mcpu=cortex-m4 -std=gnu11 -g3 -DDEBUG -DSTM32 -DSTM32F429ZITx -DSTM32F4 -DNUCLEO_F429ZI -DUSE_HAL_DRIVER -DSTM32F429xx -c -I../Inc -I"/home/franco/CESE/PDM/PdM_workspace/Practica_3.3/Drivers/STM32F4xx_HAL_Driver/Inc" -I"/home/franco/CESE/PDM/PdM_workspace/Practica_3.3/Drivers/CMSIS/Include" -I"/home/franco/CESE/PDM/PdM_workspace/Practica_3.3/Drivers/CMSIS/Device/ST/STM32F4xx/Include" -I"/home/franco/CESE/PDM/PdM_workspace/Practica_3.3/Drivers/BSP/STM32F4xx_Nucleo_144" -I"/home/franco/CESE/PDM/PdM_workspace/Practica_3.3/Drivers/Core/Inc" -I"/home/franco/CESE/PDM/PdM_workspace/Practica_3.3/Drivers/API" -I"/home/franco/CESE/PDM/PdM_workspace/Practica_3.3/Drivers/API/Inc" -I"/home/franco/CESE/PDM/PdM_workspace/Practica_3.3/Drivers/API/Src" -O0 -ffunction-sections -fdata-sections -Wall -fstack-usage -fcyclomatic-complexity -MMD -MP -MF"Src/main.d" -MT"Src/main.o" --specs=nano.specs -mfpu=fpv4-sp-d16 -mfloat-abi=hard -mthumb -o "Src/main.o"
arm-none-eabi-gcc "../Drivers/API/Src/API_delay.c" -mcpu=cortex-m4 -std=gnu11 -g3 -DDEBUG -DSTM32 -DSTM32F429ZITx -DSTM32F4 -DNUCLEO_F429ZI -DUSE_HAL_DRIVER -DSTM32F429xx -c -I../Inc -I"/home/franco/CESE/PDM/PdM_workspace/Practica_3.3/Drivers/STM32F4xx_HAL_Driver/Inc" -I"/home/franco/CESE/PDM/PdM_workspace/Practica_3.3/Drivers/CMSIS/Include" -I"/home/franco/CESE/PDM/PdM_workspace/Practica_3.3/Drivers/CMSIS/Device/ST/STM32F4xx/Include" -I"/home/franco/CESE/PDM/PdM_workspace/Practica_3.3/Drivers/BSP/STM32F4xx_Nucleo_144" -I"/home/franco/CESE/PDM/PdM_workspace/Practica_3.3/Drivers/Core/Inc" -I"/home/franco/CESE/PDM/PdM_workspace/Practica_3.3/Drivers/API" -I"/home/franco/CESE/PDM/PdM_workspace/Practica_3.3/Drivers/API/Inc" -I"/home/franco/CESE/PDM/PdM_workspace/Practica_3.3/Drivers/API/Src" -O0 -ffunction-sections -fdata-sections -Wall -fstack-usage -fcyclomatic-complexity -MMD -MP -MF"Drivers/API/Src/API_delay.d" -MT"Drivers/API/Src/API_delay.o" --specs=nano.specs -mfpu=fpv4-sp-d16 -mfloat-abi=hard -mthumb -o "Drivers/API/Src/API_delay.o"
../Drivers/API/Src/API_delay.c: In function 'delayIsRunning':
../Drivers/API/Src/API_delay.c:60:1: warning: control reaches end of non-void function [-Wreturn-type]
   60 | }
      | ^
arm-none-eabi-gcc -o "Practica_3.3.elf" @"objects.list"   -mcpu=cortex-m4 -T"/home/franco/CESE/PDM/PdM_workspace/Practica_3.3/STM32F429ZITX_FLASH.ld" --specs=nosys.specs -Wl,-Map="Practica_3.3.map" -Wl,--gc-sections -static --specs=nano.specs -mfpu=fpv4-sp-d16 -mfloat-abi=hard -mthumb -Wl,--start-group -lc -lm -Wl,--end-group
/opt/st/stm32cubeide_1.15.1/plugins/com.st.stm32cube.ide.mcu.externaltools.gnu-tools-for-stm32.12.3.rel1.linux64_1.0.100.202403111256/tools/bin/../lib/gcc/arm-none-eabi/12.3.1/../../../../arm-none-eabi/bin/ld: warning: Practica_3.3.elf has a LOAD segment with RWX permissions
Finished building target: Practica_3.3.elf
 
arm-none-eabi-size  Practica_3.3.elf 
arm-none-eabi-objdump -h -S Practica_3.3.elf  > "Practica_3.3.list"
   text	   data	    bss	    dec	    hex	filename
   6696	     32	   1584	   8312	   2078	Practica_3.3.elf
Finished building: default.size.stdout
 
Finished building: Practica_3.3.list
 
09:54:02 **** Incremental Build of configuration Debug for project Practica_3.3 ****
make -j8 all 
arm-none-eabi-size  Practica_3.3.elf 
   text	   data	    bss	    dec	    hex	filename
   6696	     32	   1584	   8312	   2078	Practica_3.3.elf
Finished building: default.size.stdout
 
09:55:03 **** Incremental Build of configuration Debug for project Practica_3.3 ****
make -j8 all 
arm-none-eabi-gcc "../Src/main.c" -mcpu=cortex-m4 -std=gnu11 -g3 -DDEBUG -DSTM32 -DSTM32F429ZITx -DSTM32F4 -DNUCLEO_F429ZI -DUSE_HAL_DRIVER -DSTM32F429xx -c -I../Inc -I"/home/franco/CESE/PDM/PdM_workspace/Practica_3.3/Drivers/STM32F4xx_HAL_Driver/Inc" -I"/home/franco/CESE/PDM/PdM_workspace/Practica_3.3/Drivers/CMSIS/Include" -I"/home/franco/CESE/PDM/PdM_workspace/Practica_3.3/Drivers/CMSIS/Device/ST/STM32F4xx/Include" -I"/home/franco/CESE/PDM/PdM_workspace/Practica_3.3/Drivers/BSP/STM32F4xx_Nucleo_144" -I"/home/franco/CESE/PDM/PdM_workspace/Practica_3.3/Drivers/Core/Inc" -I"/home/franco/CESE/PDM/PdM_workspace/Practica_3.3/Drivers/API" -I"/home/franco/CESE/PDM/PdM_workspace/Practica_3.3/Drivers/API/Inc" -I"/home/franco/CESE/PDM/PdM_workspace/Practica_3.3/Drivers/API/Src" -O0 -ffunction-sections -fdata-sections -Wall -fstack-usage -fcyclomatic-complexity -MMD -MP -MF"Src/main.d" -MT"Src/main.o" --specs=nano.specs -mfpu=fpv4-sp-d16 -mfloat-abi=hard -mthumb -o "Src/main.o"
arm-none-eabi-gcc -o "Practica_3.3.elf" @"objects.list"   -mcpu=cortex-m4 -T"/home/franco/CESE/PDM/PdM_workspace/Practica_3.3/STM32F429ZITX_FLASH.ld" --specs=nosys.specs -Wl,-Map="Practica_3.3.map" -Wl,--gc-sections -static --specs=nano.specs -mfpu=fpv4-sp-d16 -mfloat-abi=hard -mthumb -Wl,--start-group -lc -lm -Wl,--end-group
/opt/st/stm32cubeide_1.15.1/plugins/com.st.stm32cube.ide.mcu.externaltools.gnu-tools-for-stm32.12.3.rel1.linux64_1.0.100.202403111256/tools/bin/../lib/gcc/arm-none-eabi/12.3.1/../../../../arm-none-eabi/bin/ld: warning: Practica_3.3.elf has a LOAD segment with RWX permissions
Finished building target: Practica_3.3.elf
 
arm-none-eabi-size  Practica_3.3.elf 
arm-none-eabi-objdump -h -S Practica_3.3.elf  > "Practica_3.3.list"
   text	   data	    bss	    dec	    hex	filename
   6696	     32	   1584	   8312	   2078	Practica_3.3.elf
Finished building: default.size.stdout
 
Finished building: Practica_3.3.list
 
09:55:10 **** Incremental Build of configuration Debug for project Practica_3.3 ****
make -j8 all 
arm-none-eabi-size  Practica_3.3.elf 
   text	   data	    bss	    dec	    hex	filename
   6696	     32	   1584	   8312	   2078	Practica_3.3.elf
Finished building: default.size.stdout
 
09:55:41 **** Incremental Build of configuration Debug for project Practica_3.3 ****
make -j8 all 
arm-none-eabi-gcc "../Src/main.c" -mcpu=cortex-m4 -std=gnu11 -g3 -DDEBUG -DSTM32 -DSTM32F429ZITx -DSTM32F4 -DNUCLEO_F429ZI -DUSE_HAL_DRIVER -DSTM32F429xx -c -I../Inc -I"/home/franco/CESE/PDM/PdM_workspace/Practica_3.3/Drivers/STM32F4xx_HAL_Driver/Inc" -I"/home/franco/CESE/PDM/PdM_workspace/Practica_3.3/Drivers/CMSIS/Include" -I"/home/franco/CESE/PDM/PdM_workspace/Practica_3.3/Drivers/CMSIS/Device/ST/STM32F4xx/Include" -I"/home/franco/CESE/PDM/PdM_workspace/Practica_3.3/Drivers/BSP/STM32F4xx_Nucleo_144" -I"/home/franco/CESE/PDM/PdM_workspace/Practica_3.3/Drivers/Core/Inc" -I"/home/franco/CESE/PDM/PdM_workspace/Practica_3.3/Drivers/API" -I"/home/franco/CESE/PDM/PdM_workspace/Practica_3.3/Drivers/API/Inc" -I"/home/franco/CESE/PDM/PdM_workspace/Practica_3.3/Drivers/API/Src" -O0 -ffunction-sections -fdata-sections -Wall -fstack-usage -fcyclomatic-complexity -MMD -MP -MF"Src/main.d" -MT"Src/main.o" --specs=nano.specs -mfpu=fpv4-sp-d16 -mfloat-abi=hard -mthumb -o "Src/main.o"
arm-none-eabi-gcc -o "Practica_3.3.elf" @"objects.list"   -mcpu=cortex-m4 -T"/home/franco/CESE/PDM/PdM_workspace/Practica_3.3/STM32F429ZITX_FLASH.ld" --specs=nosys.specs -Wl,-Map="Practica_3.3.map" -Wl,--gc-sections -static --specs=nano.specs -mfpu=fpv4-sp-d16 -mfloat-abi=hard -mthumb -Wl,--start-group -lc -lm -Wl,--end-group
/opt/st/stm32cubeide_1.15.1/plugins/com.st.stm32cube.ide.mcu.externaltools.gnu-tools-for-stm32.12.3.rel1.linux64_1.0.100.202403111256/tools/bin/../lib/gcc/arm-none-eabi/12.3.1/../../../../arm-none-eabi/bin/ld: warning: Practica_3.3.elf has a LOAD segment with RWX permissions
Finished building target: Practica_3.3.elf
 
arm-none-eabi-size  Practica_3.3.elf 
arm-none-eabi-objdump -h -S Practica_3.3.elf  > "Practica_3.3.list"
   text	   data	    bss	    dec	    hex	filename
   6732	     32	   1584	   8348	   209c	Practica_3.3.elf
Finished building: default.size.stdout
 
Finished building: Practica_3.3.list
 
09:55:48 **** Incremental Build of configuration Debug for project Practica_3.3 ****
make -j8 all 
arm-none-eabi-size  Practica_3.3.elf 
   text	   data	    bss	    dec	    hex	filename
   6732	     32	   1584	   8348	   209c	Practica_3.3.elf
Finished building: default.size.stdout
 
